    + FullyQualifiedErrorId : NativeCommandError
Type error: Property 'children' is missing in type '{ className: string; }' but required in type '{ className?: string | 
