node.exe : [33mThe CJS build of Vite's Node API is deprecated. See 
https://vite.dev/guide/troubleshooting.html#vite-cjs-node-api-deprecated for more details.[39m
At line:1 char:1
+ & "C:\Program Files\nodejs/node.exe" "C:\Users\user\AppData\Roaming\n ...
+ ~~~~~~~~~~~~~~~~~~~~~~~~~~~~~~~~~~~~~~~~~~~~~~~~~~~~~~~~~~~~~~~~~~~~~
    + CategoryInfo          : NotSpecified: ([33mThe CJS bu...e details.[39m:String) [], RemoteException
    + FullyQualifiedErrorId : NativeCommandError
 

[7m[1m[36m RUN [39m[22m[27m [36mv1.6.1[39m [90mC:/Users/user/Desktop/AINAMANI BENJAMIN/smak-vote[39m

 [32mΓ£ô[39m tests/validators.test.ts[2m > [22mvalidators[2m > [22maccepts valid login data with email
 [32mΓ£ô[39m tests/validators.test.ts[2m > [22mvalidators[2m > [22mrejects login without password
 [32mΓ£ô[39m tests/validators.test.ts[2m > [22mvalidators[2m > [22maccepts valid registration data
 [32mΓ£ô[39m tests/validators.test.ts[2m > [22mvalidators[2m > [22mrejects invalid registration email
 [32mΓ£ô[39m lib/validators.test.ts[2m > [22mValidators[2m > [22mloginSchema[2m > [22mshould validate email and password login
 [31m├ù[39m lib/validators.test.ts[2m > [22mValidators[2m > [22mloginSchema[2m > [22mshould validate student number and password login
[31m   ΓåÆ expected false to be true // Object.is equality[39m
 [31m├ù[39m lib/validators.test.ts[2m > [22mValidators[2m > [22mloginSchema[2m > [22mshould validate voting token login
[31m   ΓåÆ expected false to be true // Object.is equality[39m
 [32mΓ£ô[39m lib/validators.test.ts[2m > [22mValidators[2m > [22mloginSchema[2m > [22mshould reject short password
 [32mΓ£ô[39m lib/validators.test.ts[2m > [22mValidators[2m > [22mloginSchema[2m > [22mshould reject invalid email
 [32mΓ£ô[39m lib/validators.test.ts[2m > [22mValidators[2m > [22mregisterSchema[2m > [22mshould validate complete registration
 [32mΓ£ô[39m lib/validators.test.ts[2m > [22mValidators[2m > [22mregisterSchema[2m > [22mshould reject short names
 [32mΓ£ô[39m lib/validators.test.ts[2m > [22mValidators[2m > [22mregisterSchema[2m > [22mshould reject invalid email
 [32mΓ£ô[39m lib/validators.test.ts[2m > [22mValidators[2m > [22melectionSchema[2m > [22mshould validate election creation
 [32mΓ£ô[39m lib/validators.test.ts[2m > [22mValidators[2m > [22melectionSchema[2m > [22mshould reject short title
 [32mΓ£ô[39m lib/validators.test.ts[2m > [22mValidators[2m > [22melectionSchema[2m > [22mshould reject short description
 [32mΓ£ô[39m lib/validators.test.ts[2m > [22mValidators[2m > [22melectionSchema[2m > [22mshould reject invalid dates
 [32mΓ£ô[39m lib/auth.test.ts[2m > [22mAuth Helpers[2m > [22mgetUserProfileFromToken[2m > [22mshould return null for missing token
 [32mΓ£ô[39m lib/auth.test.ts[2m > [22mAuth Helpers[2m > [22mgetUserProfileFromToken[2m > [22mshould return profile for valid token
 [32mΓ£ô[39m lib/auth.test.ts[2m > [22mAuth Helpers[2m > [22mgetUserProfileFromToken[2m > [22mshould return null if user not found
 [32mΓ£ô[39m lib/auth.test.ts[2m > [22mAuth Helpers[2m > [22mgetUserProfileFromToken[2m > [22mshould return null if profile not found
 [32mΓ£ô[39m lib/auth.test.ts[2m > [22mAuth Helpers[2m > [22mgetBearerToken[2m > [22mextracts the bearer token from the authorization header
 [32mΓ£ô[39m lib/auth.test.ts[2m > [22mAuth Helpers[2m > [22mgetBearerToken[2m > [22mreturns null when no authorization header is present
 [32mΓ£ô[39m lib/auth.test.ts[2m > [22mAuth Helpers[2m > [22mrequireProfile[2m > [22mreturns null when no token is provided
 [32mΓ£ô[39m lib/auth.test.ts[2m > [22mAuth Helpers[2m > [22mrequireProfile[2m > [22mreturns null when the role is not allowed
 [32mΓ£ô[39m lib/auth.test.ts[2m > [22mAuth Helpers[2m > [22mrequireProfile[2m > [22mreturns the profile when the role is allowed
 [32mΓ£ô[39m tests/button.test.tsx[2m > [22mButton[2m > [22mrenders the default button

[31mΓÄ»ΓÄ»ΓÄ»ΓÄ»ΓÄ»ΓÄ»ΓÄ»[1m[7m Failed Tests 2 [27m[22mΓÄ»ΓÄ»ΓÄ»ΓÄ»ΓÄ»ΓÄ»ΓÄ»[39m

[31m[1m[7m FAIL [27m[22m[39m lib/validators.test.ts[2m > [22mValidators[2m > [22mloginSchema[2m > [22mshould validate 
student number and password login
[31m[1mAssertionError[22m: expected false to be true // Object.is equality[39m

[32m- Expected[39m
[31m+ Received[39m

[32m- true[39m
[31m+ false[39m

[36m [2mΓ¥»[22m lib/validators.test.ts:[2m19:29[22m[39m
    [90m 17| [39m        password[33m:[39m [32m'SecurePass123'[39m
    [90m 18| [39m      })[33m;[39m
    [90m 19| [39m      [34mexpect[39m(valid[33m.[39msuccess)[33m.[39m[34mtoBe[39m([35mtrue[39m)[33m;[39m
    [90m   | [39m                            [31m^[39m
    [90m 20| [39m    })[33m;[39m
    [90m 21| [39m

[31m[2mΓÄ»ΓÄ»ΓÄ»ΓÄ»ΓÄ»ΓÄ»ΓÄ»ΓÄ»ΓÄ»ΓÄ»ΓÄ»ΓÄ»ΓÄ»ΓÄ»ΓÄ»ΓÄ»ΓÄ»ΓÄ»ΓÄ»ΓÄ»ΓÄ»ΓÄ»ΓÄ»ΓÄ»[1/2]ΓÄ»[22m[39m

[31m[1m[7m FAIL [27m[22m[39m lib/validators.test.ts[2m > [22mValidators[2m > [22mloginSchema[2m > [22mshould validate 
voting token login
[31m[1mAssertionError[22m: expected false to be true // Object.is equality[39m

[32m- Expected[39m
[31m+ Received[39m

[32m- true[39m
[31m+ false[39m

[36m [2mΓ¥»[22m lib/validators.test.ts:[2m26:29[22m[39m
    [90m 24| [39m        token[33m:[39m [32m'voting-token-uuid-here'[39m
    [90m 25| [39m      })[33m;[39m
    [90m 26| [39m      [34mexpect[39m(valid[33m.[39msuccess)[33m.[39m[34mtoBe[39m([35mtrue[39m)[33m;[39m
    [90m   | [39m                            [31m^[39m
    [90m 27| [39m    })[33m;[39m
    [90m 28| [39m

[31m[2mΓÄ»ΓÄ»ΓÄ»ΓÄ»ΓÄ»ΓÄ»ΓÄ»ΓÄ»ΓÄ»ΓÄ»ΓÄ»ΓÄ»ΓÄ»ΓÄ»ΓÄ»ΓÄ»ΓÄ»ΓÄ»ΓÄ»ΓÄ»ΓÄ»ΓÄ»ΓÄ»ΓÄ»[2/2]ΓÄ»[22m[39m

[2m Test Files [22m [1m[31m1 failed[39m[22m[2m | [22m[1m[32m3 passed[39m[22m[90m (4)[39m
[2m      Tests [22m [1m[31m2 failed[39m[22m[2m | [22m[1m[32m24 passed[39m[22m[90m (26)[39m
[2m   Start at [22m 03:51:43
[2m   Duration [22m 7.24s[2m (transform 543ms, setup 2.04s, collect 1.51s, tests 350ms, environment 18.88s, prepare 2.35s)[22m

